   Compiling brush-train v0.2.0 (/Users/ryanhickman/code/brush/crates/brush-train)
warning: unused import: `std::io::Error`
 --> crates/rrfd/src/lib.rs:8:5
  |
8 | use std::io::Error;
  |     ^^^^^^^^^^^^^^
  |
  = note: `#[warn(unused_imports)]` on by default

warning: unused import: `std::io::ErrorKind`
 --> crates/rrfd/src/lib.rs:9:5
  |
9 | use std::io::ErrorKind;
  |     ^^^^^^^^^^^^^^^^^^

warning: `rrfd` (lib) generated 2 warnings (run `cargo fix --lib -p rrfd` to apply 2 suggestions)
   Compiling brush-dataset v0.2.0 (/Users/ryanhickman/code/brush/crates/brush-dataset)
warning: unused variable: `name`
   --> crates/brush-dataset/src/storage/indexed_db.rs:119:32
    |
119 |     fn save_dataset(&mut self, name: &str, _data: &[u8]) -> Result<()> {
    |                                ^^^^ help: if this is intentional, prefix it with an underscore: `_name`
    |
    = note: `#[warn(unused_variables)]` on by default

warning: unused variable: `name`
   --> crates/brush-dataset/src/storage/indexed_db.rs:130:28
    |
130 |     fn load_dataset(&self, name: &str) -> Result<Vec<u8>> {
    |                            ^^^^ help: if this is intentional, prefix it with an underscore: `_name`

warning: unused variable: `name`
   --> crates/brush-dataset/src/storage/indexed_db.rs:143:34
    |
143 |     fn delete_dataset(&mut self, name: &str) -> Result<()> {
    |                                  ^^^^ help: if this is intentional, prefix it with an underscore: `_name`

warning: constant `DB_NAME` is never used
  --> crates/brush-dataset/src/storage/indexed_db.rs:22:7
   |
22 | const DB_NAME: &str = "brush_dataset_storage";
   |       ^^^^^^^
   |
   = note: `#[warn(dead_code)]` on by default

warning: constant `METADATA_STORE` is never used
  --> crates/brush-dataset/src/storage/indexed_db.rs:23:7
   |
23 | const METADATA_STORE: &str = "metadata";
   |       ^^^^^^^^^^^^^^

warning: constant `DATASET_STORE` is never used
  --> crates/brush-dataset/src/storage/indexed_db.rs:24:7
   |
24 | const DATASET_STORE: &str = "datasets";
   |       ^^^^^^^^^^^^^

warning: constant `DB_VERSION` is never used
  --> crates/brush-dataset/src/storage/indexed_db.rs:25:7
   |
25 | const DB_VERSION: u32 = 1;
   |       ^^^^^^^^^^

warning: field `db` is never read
  --> crates/brush-dataset/src/storage/indexed_db.rs:32:5
   |
28 | pub struct IndexedDbStorage {
   |            ---------------- field in this struct
...
32 |     db: Mutex<()>, // Dummy field for non-wasm builds
   |     ^^

warning: method `get_total_storage_used` is never used
   --> crates/brush-dataset/src/storage/filesystem.rs:126:8
    |
15  | impl FilesystemStorage {
    | ---------------------- method in this implementation
...
126 |     fn get_total_storage_used(&self) -> Result<u64> {
    |        ^^^^^^^^^^^^^^^^^^^^^^

   Compiling brush-process v0.2.0 (/Users/ryanhickman/code/brush/crates/brush-process)
warning: unused import: `std::sync::Arc`
 --> crates/brush-process/src/process_loop/process.rs:2:5
  |
2 | use std::sync::Arc;
  |     ^^^^^^^^^^^^^^
  |
  = note: `#[warn(unused_imports)]` on by default

warning: `brush-dataset` (lib) generated 9 warnings
   Compiling brush-cli v0.2.0 (/Users/ryanhickman/code/brush/crates/brush-cli)
   Compiling brush-app v0.2.0 (/Users/ryanhickman/code/brush/crates/brush-app)
warning: unused import: `egui::ThemePreference`
  --> crates/brush-app/src/app.rs:21:5
   |
21 | use egui::ThemePreference;
   |     ^^^^^^^^^^^^^^^^^^^^^
   |
   = note: `#[warn(unused_imports)]` on by default

warning: unused import: `std::fmt::Debug`
  --> crates/brush-app/src/app.rs:26:5
   |
26 | use std::fmt::Debug;
   |     ^^^^^^^^^^^^^^^

warning: unused import: `std::hash::Hash`
  --> crates/brush-app/src/app.rs:27:5
   |
27 | use std::hash::Hash;
   |     ^^^^^^^^^^^^^^^

warning: unused import: `std::io::Error`
  --> crates/brush-app/src/app.rs:28:5
   |
28 | use std::io::Error;
   |     ^^^^^^^^^^^^^^

warning: unused import: `std::io::ErrorKind`
  --> crates/brush-app/src/app.rs:29:5
   |
29 | use std::io::ErrorKind;
   |     ^^^^^^^^^^^^^^^^^^

warning: unused import: `std::pin::Pin`
  --> crates/brush-app/src/app.rs:30:5
   |
30 | use std::pin::Pin;
   |     ^^^^^^^^^^^^^

warning: unused imports: `Duration` and `SystemTime`
  --> crates/brush-app/src/app.rs:32:17
   |
32 | use std::time::{Duration, SystemTime};
   |                 ^^^^^^^^  ^^^^^^^^^^

warning: unused imports: `Align2` and `RichText`
  --> crates/brush-app/src/app.rs:33:12
   |
33 | use egui::{Align2, RichText};
   |            ^^^^^^  ^^^^^^^^

warning: unused import: `brush_dataset::splat_export`
  --> crates/brush-app/src/app.rs:34:5
   |
34 | use brush_dataset::splat_export;
   |     ^^^^^^^^^^^^^^^^^^^^^^^^^^^

warning: unused import: `tokio_with_wasm::alias as tokio_wasm`
  --> crates/brush-app/src/app.rs:35:5
   |
35 | use tokio_with_wasm::alias as tokio_wasm;
   |     ^^^^^^^^^^^^^^^^^^^^^^^^^^^^^^^^^^^^

warning: unused imports: `ExportError` and `ExportFormat`
  --> crates/brush-app/src/app.rs:36:44
   |
36 | use crate::export_service::{ExportService, ExportError, ExportFormat};
   |                                            ^^^^^^^^^^^  ^^^^^^^^^^^^

warning: unused import: `brush_dataset::storage`
  --> crates/brush-app/src/app.rs:37:5
   |
37 | use brush_dataset::storage;
   |     ^^^^^^^^^^^^^^^^^^^^^^

warning: unused import: `brush_dataset::splat_export`
 --> crates/brush-app/src/panels/scene.rs:1:5
  |
1 | use brush_dataset::splat_export;
  |     ^^^^^^^^^^^^^^^^^^^^^^^^^^^

warning: unused import: `ControlMessage`
 --> crates/brush-app/src/panels/scene.rs:2:35
  |
2 | use brush_process::process_loop::{ControlMessage, ProcessMessage};
  |                                   ^^^^^^^^^^^^^^

warning: unused import: `tokio_with_wasm::alias as tokio_wasm`
  --> crates/brush-app/src/panels/scene.rs:17:5
   |
17 | use tokio_with_wasm::alias as tokio_wasm;
   |     ^^^^^^^^^^^^^^^^^^^^^^^^^^^^^^^^^^^^

warning: unused import: `crate::utils`
  --> crates/brush-app/src/overlays/dataset_detail.rs:14:5
   |
14 | use crate::utils;
   |     ^^^^^^^^^^^^

warning: unused import: `chrono`
  --> crates/brush-app/src/overlays/dataset_detail.rs:15:5
   |
15 | use chrono;
   |     ^^^^^^

warning: unused import: `ProcessMessage`
 --> crates/brush-app/src/overlays/controls_detail.rs:2:51
  |
2 | use brush_process::process_loop::{ControlMessage, ProcessMessage};
  |                                                   ^^^^^^^^^^^^^^

warning: unused variable: `build_timestamp`
   --> crates/brush-app/src/app.rs:694:13
    |
694 |         let build_timestamp = format!("{}", chrono::Local::now().format("%Y-%m-%d %H:%M:%S"));
    |             ^^^^^^^^^^^^^^^ help: if this is intentional, prefix it with an underscore: `_build_timestamp`
    |
    = note: `#[warn(unused_variables)]` on by default

warning: variable does not need to be mutable
   --> crates/brush-app/src/app.rs:697:13
    |
697 |         let mut url_params = parse_url_params_with_override(start_uri_override.as_ref());
    |             ----^^^^^^^^^^
    |             |
    |             help: remove this `mut`
    |
    = note: `#[warn(unused_mut)]` on by default

warning: unused variable: `view_aspect`
  --> crates/brush-app/src/panels/scene.rs:96:21
   |
96 |         if let Some(view_aspect) = context.view_aspect {
   |                     ^^^^^^^^^^^ help: if this is intentional, prefix it with an underscore: `_view_aspect`

warning: unused variable: `filename`
   --> crates/brush-app/src/overlays/dataset_detail.rs:411:13
    |
411 |         let filename = file_path.file_name().unwrap_or_default().to_string_lossy().to_string();
    |             ^^^^^^^^ help: if this is intentional, prefix it with an underscore: `_filename`

warning: function `parse_search` is never used
   --> crates/brush-app/src/app.rs:137:4
    |
137 | fn parse_search(search: &str) -> HashMap<String, String> {
    |    ^^^^^^^^^^^^
    |
    = note: `#[warn(dead_code)]` on by default

warning: fields `build_timestamp` and `diagnostic_mode` are never read
   --> crates/brush-app/src/app.rs:163:5
    |
154 | pub struct App {
    |            --- fields in this struct
...
163 |     build_timestamp: String,
    |     ^^^^^^^^^^^^^^^
164 |     diagnostic_mode: bool,
    |     ^^^^^^^^^^^^^^^

warning: method `get_scene_panel_mut` is never used
   --> crates/brush-app/src/app.rs:656:8
    |
206 | impl AppContext {
    | --------------- method in this implementation
...
656 |     fn get_scene_panel_mut(&mut self) -> Option<&mut ScenePanel> {
    |        ^^^^^^^^^^^^^^^^^^^

warning: field `default_format` is never read
  --> crates/brush-app/src/export_service.rs:74:5
   |
69 | pub struct ExportService {
   |            ------------- field in this struct
...
74 |     default_format: ExportFormat,
   |     ^^^^^^^^^^^^^^
   |
   = note: `ExportService` has a derived impl for the trait `Clone`, but this is intentionally ignored during dead code analysis

warning: struct `SettingsPanel` is never constructed
  --> crates/brush-app/src/panels/settings.rs:10:19
   |
10 | pub(crate) struct SettingsPanel {
   |                   ^^^^^^^^^^^^^

warning: associated function `new` is never used
  --> crates/brush-app/src/panels/settings.rs:16:19
   |
15 | impl SettingsPanel {
   | ------------------ associated function in this implementation
16 |     pub(crate) fn new() -> Self {
   |                   ^^^

warning: struct `PresetsPanel` is never constructed
 --> crates/brush-app/src/panels/presets.rs:5:19
  |
5 | pub(crate) struct PresetsPanel {}
  |                   ^^^^^^^^^^^^

warning: associated function `new` is never used
 --> crates/brush-app/src/panels/presets.rs:8:19
  |
7 | impl PresetsPanel {
  | ----------------- associated function in this implementation
8 |     pub(crate) fn new() -> Self {
  |                   ^^^

warning: function `url_button` is never used
  --> crates/brush-app/src/panels/presets.rs:13:4
   |
13 | fn url_button(label: &str, url: &str, ui: &mut egui::Ui) {
   |    ^^^^^^^^^^

warning: struct `StatsPanel` is never constructed
  --> crates/brush-app/src/panels/stats.rs:10:19
   |
10 | pub(crate) struct StatsPanel {
   |                   ^^^^^^^^^^

warning: associated function `new` is never used
  --> crates/brush-app/src/panels/stats.rs:27:19
   |
26 | impl StatsPanel {
   | --------------- associated function in this implementation
27 |     pub(crate) fn new(device: WgpuDevice, adapter_info: AdapterInfo) -> Self {
   |                   ^^^

warning: function `bytes_format` is never used
  --> crates/brush-app/src/panels/stats.rs:43:4
   |
43 | fn bytes_format(bytes: u64) -> String {
   |    ^^^^^^^^^^^^

warning: fields `index`, `view_type`, and `texture_handle` are never read
  --> crates/brush-app/src/overlays/dataset_detail.rs:19:5
   |
18 | struct SelectedView {
   |        ------------ fields in this struct
19 |     index: usize,
   |     ^^^^^
20 |     view_type: ViewType,
   |     ^^^^^^^^^
21 |     texture_handle: TextureHandle,
   |     ^^^^^^^^^^^^^^
   |
   = note: `SelectedView` has a derived impl for the trait `Clone`, but this is intentionally ignored during dead code analysis

warning: function `selected_scene` is never used
  --> crates/brush-app/src/overlays/dataset_detail.rs:33:4
   |
33 | fn selected_scene(t: ViewType, context: &AppContext) -> &Scene {
   |    ^^^^^^^^^^^^^^

warning: method `get_view` is never used
  --> crates/brush-app/src/overlays/dataset_detail.rs:45:8
   |
44 | impl SelectedView {
   | ----------------- method in this implementation
45 |     fn get_view<'a>(&'a self, context: &'a AppContext) -> &'a SceneView {
   |        ^^^^^^^^

warning: function `url_button` is never used
  --> crates/brush-app/src/overlays/dataset_detail.rs:87:4
   |
87 | fn url_button(label: &str, url: &str, ui: &mut egui::Ui) {
   |    ^^^^^^^^^^

warning: multiple methods are never used
    --> crates/brush-app/src/overlays/dataset_detail.rs:180:19
     |
91   | impl DatasetDetailOverlay {
     | ------------------------- methods in this implementation
...
180  |     pub(crate) fn set_selected_folder(&mut self, folder: PathBuf) {
     |                   ^^^^^^^^^^^^^^^^^^^
...
370  |     pub(crate) fn wants_to_select_folder(&self) -> bool {
     |                   ^^^^^^^^^^^^^^^^^^^^^^
...
375  |     pub(crate) fn folder_selection_started(&mut self) {
     |                   ^^^^^^^^^^^^^^^^^^^^^^^^
...
380  |     pub(crate) fn cancel_folder_selection(&mut self) {
     |                   ^^^^^^^^^^^^^^^^^^^^^^^
...
410  |     pub(crate) fn set_selected_file(&mut self, file_path: PathBuf) {
     |                   ^^^^^^^^^^^^^^^^^
...
1523 |     fn copy_folder(&self, source_folder: &PathBuf, dest_folder: &PathBuf) -> io::Result<()> {
     |        ^^^^^^^^^^^
...
1546 |     pub(crate) fn wants_to_select_dataset_folder(&self) -> bool {
     |                   ^^^^^^^^^^^^^^^^^^^^^^^^^^^^^^
...
1550 |     pub(crate) fn dataset_folder_selection_started(&mut self) {
     |                   ^^^^^^^^^^^^^^^^^^^^^^^^^^^^^^^^
...
1555 |     pub(crate) fn cancel_dataset_folder_selection(&mut self) {
     |                   ^^^^^^^^^^^^^^^^^^^^^^^^^^^^^^^
...
1566 |     pub(crate) fn set_selected_dataset_folder(&mut self, folder_path: PathBuf) {
     |                   ^^^^^^^^^^^^^^^^^^^^^^^^^^^
...
1631 |     fn process_selected_dataset_folder(&mut self, folder_path: PathBuf, dataset_folder: PathBuf) {
     |        ^^^^^^^^^^^^^^^^^^^^^^^^^^^^^^^
...
1764 |     pub(crate) fn copy_datasets_to_local(&self) -> bool {
     |                   ^^^^^^^^^^^^^^^^^^^^^^
...
1770 |     pub(crate) fn set_copy_datasets_to_local(&mut self, should_copy: bool) {
     |                   ^^^^^^^^^^^^^^^^^^^^^^^^^^
...
1784 |     pub(crate) fn get_datasets_folder(&self) -> Option<PathBuf> {
     |                   ^^^^^^^^^^^^^^^^^^^
...
1835 |     pub(crate) fn set_selected_folders(&mut self, folder_paths: Vec<PathBuf>) {
     |                   ^^^^^^^^^^^^^^^^^^^^

warning: field `url` is never read
  --> crates/brush-app/src/overlays/settings_detail.rs:14:5
   |
11 | pub(crate) struct SettingsDetailOverlay {
   |                   --------------------- field in this struct
...
14 |     url: String,
   |     ^^^

warning: field `gpu_stats` is never read
  --> crates/brush-app/src/overlays/stats_detail.rs:22:5
   |
10 | pub(crate) struct StatsDetailOverlay {
   |                   ------------------ field in this struct
...
22 |     gpu_stats: GpuStats,
   |     ^^^^^^^^^

warning: methods `get_live_update`, `set_live_update`, `get_paused`, and `set_paused` are never used
   --> crates/brush-app/src/overlays/controls_detail.rs:195:19
    |
16  | impl ControlsDetailOverlay {
    | -------------------------- methods in this implementation
...
195 |     pub(crate) fn get_live_update(&self) -> bool {
    |                   ^^^^^^^^^^^^^^^
...
199 |     pub(crate) fn set_live_update(&mut self, live_update: bool) {
    |                   ^^^^^^^^^^^^^^^
...
203 |     pub(crate) fn get_paused(&self) -> bool {
    |                   ^^^^^^^^^^
...
207 |     pub(crate) fn set_paused(&mut self, paused: bool) {
    |                   ^^^^^^^^^^

warning: `brush-process` (lib) generated 1 warning (run `cargo fix --lib -p brush-process` to apply 1 suggestion)
warning: `brush-app` (lib) generated 42 warnings (run `cargo fix --lib -p brush-app` to apply 19 suggestions)
warning: unused import: `brush_app::utils::set_panic_hook`
 --> crates/brush-app/src/bin/bin.rs:6:5
  |
6 | use brush_app::utils::set_panic_hook;
  |     ^^^^^^^^^^^^^^^^^^^^^^^^^^^^^^^^
  |
  = note: `#[warn(unused_imports)]` on by default

warning: constant `BUILD_TIME` is never used
  --> crates/brush-app/src/bin/bin.rs:19:7
   |
19 | const BUILD_TIME: &str = "2025-03-17 (manual)";
   |       ^^^^^^^^^^
   |
   = note: `#[warn(dead_code)]` on by default

warning: `brush-app` (bin "brush_app") generated 2 warnings (run `cargo fix --bin "brush_app"` to apply 1 suggestion)
    Finished `release` profile [optimized] target(s) in 29.32s
